exports[`test ArticlePage renders correctly 1`] = `
<div>
  <Jumbotron
    lead="Description"
    title="Title" />
  <div
    className="card">
    <div
      className="card-block">
      <h2
        className="card-title">
        Connections
      </h2>
    </div>
  </div>
</div>
`;
