exports[`test PostArticle renders correctly 1`] = `
<form
  onSubmit={[Function]}>
  <div
    className="form-inline">
    <input
      className="form-control"
      onChange={[Function]}
      placeholder="Article"
      type="url"
      value="" />
    <input
      className="btn btn-outline-success"
      type="submit"
      value="POST" />
  </div>
</form>
`;
