exports[`test Profile renders correctly 1`] = `
<div>
  <Jumbotron
    title="Profile 1" />
  <div
    className="card">
    <div
      className="card-block">
      <div>
        <h2>
          Public
        </h2>
      </div>
    </div>
  </div>
  <Connect(Posts)
    userId={1} />
</div>
`;
