exports[`test About renders correctly 1`] = `
<div>
  <Jumbotron
    title="About" />
</div>
`;
