exports[`test Alerts renders correctly 1`] = `
<div>
  <Alert
    text="Text"
    type="info" />
</div>
`;
