exports[`test Footer renders correctly 1`] = `
<footer
  className="bd-footer text-muted"
  style={
    Object {
      "marginTop": "100px",
    }
  }>
  <div
    className="container">
    <p>
      <a
        href="https://github.com/davidchristie/news-graph">
        GitHub
      </a>
    </p>
    <p>
      Powered by 
      <a
        href="https://newsapi.org">
        NewsAPI.org
      </a>
    </p>
  </div>
</footer>
`;
