exports[`test Jumbotron renders correctly 1`] = `
<div>
  <div
    className="jumbotron">
    <h1
      className="display-3">
      Title
    </h1>
    <p
      className="lead" />
    <hr
      className="my-4" />
    <p />
  </div>
</div>
`;
