exports[`test Layout renders correctly 1`] = `
<div>
  <Navbar />
  <Footer />
</div>
`;
