exports[`test Logout renders correctly 1`] = `
<button
  className="btn btn-danger"
  onClick={[Function]}>
  Logout
</button>
`;
