exports[`test Search renders correctly 1`] = `
<nav
  className="navbar">
  <form
    className="form-inline">
    <input
      className="form-control mr-sm-2"
      placeholder="Search"
      type="text" />
    <button
      className="btn btn-outline-success my-2 my-sm-0"
      type="submit">
      Search
    </button>
  </form>
</nav>
`;
