exports[`test ArticleNetwork renders correctly 1`] = `
<div
  style={
    Object {
      "backgroundColor": "#333333",
      "border": "1px solid lightgray",
      "height": "400px",
      "width": "600px",
    }
  } />
`;
