exports[`test ArticlePage renders correctly 1`] = `
<div>
  <h1>
    Ancient retroviruses emerged half a billion years ago : Nature News & Comment
  </h1>
  <div
    className="row">
    <div
      className="card col-md-12">
      <div
        className="card-block">
        <h2
          className="card-title">
          Connections
        </h2>
        <div
          style={
            Object {
              "backgroundColor": "#333333",
              "border": "1px solid lightgray",
              "height": "400px",
              "width": "100%",
            }
          } />
      </div>
    </div>
  </div>
</div>
`;
