exports[`test About renders correctly 1`] = `
<div>
  <h1>
    About
  </h1>
</div>
`;
