exports[`test Article renders correctly 1`] = `
<div
  className="card col-md-6 col-lg-4">
  <a
    className="embedly-card"
    href="http://www.nature.com/news/ancient-retroviruses-emerged-half-a-billion-years-ago-1.21274" />
  <p>
    Some details about the article.
  </p>
</div>
`;
