exports[`test Footer renders correctly 1`] = `
<footer>
  <h1>
    Footer
  </h1>
</footer>
`;
