exports[`test Search renders correctly 1`] = `
<form
  className="form-inline my-2 my-md-0">
  <input
    className="form-control mr-sm-2"
    placeholder="Search"
    type="text" />
  <button
    className="btn btn-outline-success my-2 my-sm-0"
    type="submit">
    Search
  </button>
</form>
`;
